Mon Aug  4 15:41:24 CST 2025
unlimited
make: Circular parameters.o <- variables.o dependency dropped.
make: Circular parameters.o <- variables.o dependency dropped.
make: Circular variables.o <- variables.o dependency dropped.
make: Circular variables.o <- variables.o dependency dropped.
make: Circular main.o <- main.o dependency dropped.
make: Circular power_test.o <- main.o dependency dropped.
make: Circular power_test.o <- power_test.o dependency dropped.
done




/home/cossim/cube_nu/cube_nu_new
running with 512 processes on 8 nodes
###############################################
Start Running
Running ./main.x
 
 CUBE run on      8 images  x   32 cores
   call geometry
   opath:/home/cossim/cube_nu/test/200_1024_v2/200_512_2_0.0_2/
   omp_get_max_threads() =          32
   omp_get_num_procs()   =          72
   omp_set_threads()     =          32
   initialize Green's functions
     nc,ngt,nft,ng =    128    160     40     80    160    240    320    480
    640    512
   Gk3_8   -1.328586       20596.06    
   Gk3_12  -2.991657       105185.6    
   call create_cubefft_plan
     sfftw_init_threads status           1
     omp_get_max_threads() =          32
     elapsed time =  0.0000000E+00 secs
   call create_penfft_plan nw =                    128
     elapsed time =  0.0000000E+00 secs
   initialize tile and subtile index
   initialize PP neighbors
                     70
 particle_initialization
   at redshift   1.675400    
   from image           1  read             133772712  particles
   from image           8  read             135665984  particles
   a,tau init                  1869  0.3737759       1.675400      4.2694569E-02
   npglobal    =            1073741824
   mass_p_cdm =   1.000000    
   vsim2phys =   43.12142      (km/s)/(1.0)
   sigma_vi    =  0.0000000E+00 (simulation unit)
   elapsed time =  0.0000000E+00 secs
 
 -------------------------------- CUBE info --------------------------------
 | np local/global =             133772712            1073741824
 | a,t,tau         =  0.3737759       37.15517      4.2694569E-02
 | timestep        =                  1869
 | dt PM123,PP     =  4.9564220E-02  2.8500915E-02  1.6091641E-02  1.5347995E-03
 | dt v            =  0.1713688    
 | cur_checkpoint  =     70   1.675400    
 | cur_powerpoint  =      1  -9999.000    
 | cur_halofind    =      2  -9999.000    
 | mass_p          =   1.000000    
 | box             =   200.0000     Mpc/h
 | image           =                     1
 | nn              =                     2
 | nnt             =                     4
 | ncb             =                     4
 | izip x,v        =    2    2
 | h_0             =  0.6817000     *100 km/s/Mpc
 | omega_m         =  0.3026677    
 | omega_nu         =  0.0000000E+00
 | omega_l         =  0.6972818    
 | sigma_8         =  0.8091000    
 | vsim2phys       =   43.12142     (km/s)/(1.0)
 | sigma_vres      =   3.790313     (km/s)
 | sigma_vi        =  0.0000000E+00 (simulation unit)
 | z_i             =   200.0000    
 | vz_max          =   68.72755    
 ------------------------------------------------------------------------------
 buffer_np
 
 redistribute_cdm
   image overhead   53.58018     % full
   consumed image_buffer =   1.071604     /   2.000000    
   elapsed time =   13.08520     secs
 
 buffer_xvp
   elapsed time =   4.482300     secs
 
 buffer_xvp
   elapsed time =   6.172300     secs
 
   check PID range after buffer_v:                     7            1073741334
 ---------- starting main loop ----------
 
 -------------------------------------------------------
 timestep    :                  1870
 tau         :  4.2694569E-02  4.2705033E-02
 z         :   1.675400       1.673628    
 a         :  0.3737759      0.3738998      0.3740236    
 expansion :  6.6238502E-04
 dt        :  1.5347995E-03
 dt_e      :  0.2355988    
 dt_pm1    :  4.9564220E-02
 dt_pm2    :  2.8500915E-02
 dt_pm3    :  1.6091641E-02
 dt_pp     :  1.5347995E-03
 dt_vmax   :  0.1713688    
 cur_powerpoint :                     1  -9999.000    
 
 drift
   dt_mid =  7.6739973E-04
   nlayer =           4
   tile overhead   30.44119     % full
   consumed tile_buffer =   1.826472     /   6.000000    
   clean buffer of rhoc
   npcheck,npglobal=            1073741824            1073741824
   elapsed time =   58.83750     secs
 
 buffer_np
 
 redistribute_cdm
   image overhead   53.58143     % full
   consumed image_buffer =   1.071629     /   2.000000    
   elapsed time =   7.758500     secs
 
 buffer_xvp
   elapsed time =   4.434800     secs
 
 PM1
   assign density done
      forward start
      c2x  0.7453000    
      xtran  6.1200000E-02
      x2y  0.4999000    
      ytran  6.8800002E-02
      y2z  0.5066000    
      ztran  6.6000000E-02
      z2y  0.5128000    
      y2x  0.5298000    
      pen_forward time   3.083800    
      forward done.   3.159800    
      backward done.   2.076000    
   pm%f2max =  2.6551452E+07
     sum of PM1 density =   133757504.631779     
   real time =   14.46650     secs
 
 PM2
   sum of PM2 density   133765585.112491        133765585.112491     
   vmax =   64.05913       65.40056       68.67848    
   f2max =  1.8900448E+08
   total team time =   30.2106999456882      secs
   real time =   4.282800     secs
 
 PM3
   sum of PM3 density   133777836.600026     
   vmax =   63.89268       65.41031       68.45071    
   f2max =  1.4363003E+09
   total team time =   329.781400522217      secs
   real time =   43.99590     secs
 
     napm =           0       20364       10888        1400         116
           0           0
   real time =   43.99590       2.076000     secs
 buffer_xvp
   elapsed time =   6.804100     secs
 
   check PID range after buffer_v:                     7            1073741334
 total elapsed time =   146.6563       146.7290     secs
 
 -------------------------------------------------------
 timestep    :                  1871
 tau         :  4.2705033E-02  4.2715937E-02
 z         :   1.673628       1.671856    
 a         :  0.3740236      0.3741476      0.3742716    
 expansion :  6.6260749E-04
 dt        :  1.5347995E-03
 dt_e      :  0.2354917    
 dt_pm1    :  4.9456216E-02
 dt_pm2    :  2.8435847E-02
 dt_pm3    :  1.6268086E-02
 dt_pp     :  1.5347995E-03
 dt_vmax   :  0.1724359    
 cur_powerpoint :                     1  -9999.000    
 
 drift
   dt_mid =  1.5347995E-03
   nlayer =           4
   tile overhead   30.44718     % full
   consumed tile_buffer =   1.826831     /   6.000000    
   clean buffer of rhoc
   npcheck,npglobal=            1073741824            1073741824
   elapsed time =   57.26260     secs
 
 buffer_np
 
 redistribute_cdm
   image overhead   53.58393     % full
   consumed image_buffer =   1.071679     /   2.000000    
   elapsed time =   7.258800     secs
 
 buffer_xvp
   elapsed time =   4.134100     secs
 
 PM1
   assign density done
      forward start
      c2x  0.6354000    
      xtran  7.5900003E-02
      x2y  0.5363000    
      ytran  6.6000000E-02
      y2z  0.5528000    
      ztran  7.7500001E-02
      z2y  0.5414000    
      y2x  0.4928000    
      pen_forward time   3.092900    
      forward done.   3.185600    
      backward done.   2.210600    
   pm%f2max =  2.6758674E+07
     sum of PM1 density =   133757325.659363     
   real time =   14.69500     secs
 
 PM2
   sum of PM2 density   133765539.098886        133765539.098886     
   vmax =   63.83395       65.58027       68.36998    
   f2max =  1.9056291E+08
   total team time =   30.5176998972893      secs
   real time =   4.378300     secs
 
 PM3
   sum of PM3 density   133777929.785294     
   vmax =   64.06316       65.57645       68.04574    
   f2max =  1.3978811E+09
   total team time =   252.317000010982      secs
   real time =   34.34750     secs
 
     napm =           0       20360       10889        1402         117
           0           0
   real time =   34.34750       2.210600     secs
 buffer_xvp
   elapsed time =   7.718800     secs
 
   check PID range after buffer_v:                     7            1073741334
 total elapsed time =   135.2780       135.4786     secs
 
 -------------------------------------------------------
 timestep    :                  1872
 tau         :  4.2715937E-02  4.2726845E-02
 z         :   1.671856       1.670085    
 a         :  0.3742716      0.3743957      0.3745199    
 expansion :  6.6292350E-04
 dt        :  1.5347995E-03
 dt_e      :  0.2353846    
 dt_pm1    :  4.9343836E-02
 dt_pm2    :  2.8372845E-02
 dt_pm3    :  1.6499767E-02
 dt_pp     :  1.5347995E-03
 dt_vmax   :  0.1723585    
 cur_powerpoint :                     1  -9999.000    
 
 drift
   dt_mid =  1.5347995E-03
   nlayer =           4
   tile overhead   30.45902     % full
   consumed tile_buffer =   1.827541     /   6.000000    
   clean buffer of rhoc
   npcheck,npglobal=            1073741824            1073741824
   elapsed time =   56.93490     secs
 
 buffer_np
 
 redistribute_cdm
   image overhead   53.58629     % full
   consumed image_buffer =   1.071726     /   2.000000    
   elapsed time =   7.107500     secs
 
 buffer_xvp
   elapsed time =   4.370700     secs
 
 PM1
   assign density done
      forward start
      c2x   1.625600    
      xtran  7.1500003E-02
      x2y  0.5048000    
      ytran  6.8899997E-02
      y2z  0.5050000    
      ztran  6.9899999E-02
      z2y  0.5029000    
      y2x  0.4896000    
      pen_forward time   3.904100    
      forward done.   3.974700    
      backward done.   2.089900    
   pm%f2max =  2.6967642E+07
     sum of PM1 density =   133757147.596692     
   real time =   14.69010     secs
 
 PM2
   sum of PM2 density   133765494.434688        133765494.434688     
   vmax =   64.04661       65.74439       67.93444    
   f2max =  1.9208325E+08
   total team time =   30.3810999393463      secs
   real time =   4.432400     secs
 
 PM3
   sum of PM3 density   133777966.447503     
   vmax =   64.22999       65.72701       68.39408    
   f2max =  1.3515060E+09
   total team time =   247.430399951525      secs
   real time =   33.53470     secs
 
     napm =           0       20350       10896        1405         117
           0           0
   real time =   33.53470       2.089900     secs
 buffer_xvp
   elapsed time =   7.018000     secs
 
   check PID range after buffer_v:                     7            1073741334
 total elapsed time =   131.1528       131.2161     secs
 
 -------------------------------------------------------
 timestep    :                  1873
 tau         :  4.2726845E-02  4.2737752E-02
 z         :   1.670085       1.668314    
 a         :  0.3745199      0.3746442      0.3747684    
 expansion :  6.6316401E-04
 dt        :  1.5347995E-03
 dt_e      :  0.2352777    
 dt_pm1    :  4.9231648E-02
 dt_pm2    :  2.8314974E-02
 dt_pm3    :  1.6767332E-02
 dt_pp     :  1.5347995E-03
 dt_vmax   :  0.1721352    
 cur_powerpoint :                     1  -9999.000    
 
 drift
   dt_mid =  1.5347995E-03
   nlayer =           4
   tile overhead   30.47041     % full
   consumed tile_buffer =   1.828225     /   6.000000    
   clean buffer of rhoc
   npcheck,npglobal=            1073741824            1073741824
   elapsed time =   56.92340     secs
 
 buffer_np
 
 redistribute_cdm
   image overhead   53.58860     % full
   consumed image_buffer =   1.071772     /   2.000000    
   elapsed time =   7.462100     secs
 
 buffer_xvp
   elapsed time =   4.222500     secs
 
 PM1
   assign density done
      forward start
      c2x   1.193400    
      xtran  7.8100003E-02
      x2y  0.5589000    
      ytran  7.1199998E-02
      y2z  0.6044000    
      ztran  5.4299999E-02
      z2y  0.7624000    
      y2x  0.5064000    
      pen_forward time   3.900600    
      forward done.   4.017700    
      backward done.   2.115600    
   pm%f2max =  2.7178364E+07
     sum of PM1 density =   133756965.213930     
   real time =   14.98610     secs
 
 PM2
   sum of PM2 density   133765450.672720        133765450.672720     
   vmax =   64.24754       65.89301       68.59467    
   f2max =  1.9356691E+08
   total team time =   29.7693999707699      secs
   real time =   4.310600     secs
 
 PM3
   sum of PM3 density   133777727.132839     
   vmax =   64.84288       65.86032       69.40354    
   f2max =  1.3220186E+09
   total team time =   244.838000026532      secs
   real time =   34.74400     secs
 
     napm =           0       20343       10896        1412         117
           0           0
   real time =   34.74400       2.115600     secs
 buffer_xvp
   elapsed time =   6.694700     secs
 
   check PID range after buffer_v:                     7            1073741334
 total elapsed time =   133.8941       133.9938     secs
Finish ./main.x
Finish ALL
Mon Aug  4 15:51:04 CST 2025
